0 verbose cli D:\nvm\nodejs\node.exe D:\nvm\nodejs\node_modules\npm\bin\npm-cli.js
1 info using npm@11.6.2
2 info using node@v22.20.0
3 silly config load:file:D:\nvm\v22.20.0\node_modules\npm\npmrc
4 silly config load:file:D:\codexP\aaa\frontend\.npmrc
5 silly config load:file:C:\Users\Administrator\.npmrc
6 silly config load:file:D:\codexP\aaa\frontend\etc\npmrc
7 verbose title npm install
8 verbose argv "--prefix" "frontend" "install" "--package-lock-only" "--cache" "D:\\codexP\\aaa\\.npm-cache"
9 verbose logfile logs-max:10 dir:D:\codexP\aaa\.npm-cache\_logs\2026-05-25T03_14_31_522Z-
10 verbose logfile D:\codexP\aaa\.npm-cache\_logs\2026-05-25T03_14_31_522Z-debug-0.log
11 silly logfile done cleaning log files
12 silly packumentCache heap:4345298944 maxSize:1086324736 maxEntrySize:543162368
13 silly idealTree buildDeps
14 silly fetch manifest @emnapi/core@^1.7.1
15 silly packumentCache full:https://registry.npmmirror.com/@emnapi%2fcore cache-miss
16 http fetch GET 200 https://registry.npmmirror.com/npm 294ms
17 http fetch GET 200 https://registry.npmmirror.com/@emnapi%2fcore 122ms (cache miss)
18 silly packumentCache full:https://registry.npmmirror.com/@emnapi%2fcore set size:26723 disposed:false
19 silly fetch manifest @emnapi/runtime@^1.7.1
20 silly packumentCache full:https://registry.npmmirror.com/@emnapi%2fruntime cache-miss
21 http fetch GET 200 https://registry.npmmirror.com/@emnapi%2fruntime 29ms (cache miss)
22 silly packumentCache full:https://registry.npmmirror.com/@emnapi%2fruntime set size:27359 disposed:false
23 silly placeDep ROOT @emnapi/core@1.10.0 OK for: @napi-rs/wasm-runtime@1.1.4 want: ^1.7.1
24 silly placeDep ROOT @emnapi/runtime@1.10.0 OK for: @napi-rs/wasm-runtime@1.1.4 want: ^1.7.1
25 http cache https://registry.npmmirror.com/@tailwindcss/oxide-wasm32-wasi/-/oxide-wasm32-wasi-4.3.0.tgz 0ms (cache hit)
26 silly tarball no local data for https://registry.npmmirror.com/@tailwindcss/oxide-wasm32-wasi/-/oxide-wasm32-wasi-4.3.0.tgz. Extracting by manifest.
27 http fetch GET 200 https://cdn.npmmirror.com/packages/%40tailwindcss/oxide-wasm32-wasi/4.3.0/oxide-wasm32-wasi-4.3.0.tgz 855ms (cache miss)
28 silly audit bulk request {
28 silly audit   '@adobe/css-tools': [ '4.4.4' ],
28 silly audit   '@asamuzakjp/css-color': [ '5.1.11' ],
28 silly audit   '@asamuzakjp/dom-selector': [ '7.1.1' ],
28 silly audit   '@asamuzakjp/generational-cache': [ '1.0.1' ],
28 silly audit   '@asamuzakjp/nwsapi': [ '2.3.9' ],
28 silly audit   '@babel/code-frame': [ '7.29.0' ],
28 silly audit   '@babel/helper-validator-identifier': [ '7.28.5' ],
28 silly audit   '@babel/runtime': [ '7.29.2' ],
28 silly audit   '@bramus/specificity': [ '2.4.2' ],
28 silly audit   '@csstools/color-helpers': [ '6.0.2' ],
28 silly audit   '@csstools/css-calc': [ '3.2.1' ],
28 silly audit   '@csstools/css-color-parser': [ '4.1.1' ],
28 silly audit   '@csstools/css-parser-algorithms': [ '4.0.0' ],
28 silly audit   '@csstools/css-syntax-patches-for-csstree': [ '1.1.4' ],
28 silly audit   '@csstools/css-tokenizer': [ '4.0.0' ],
28 silly audit   '@emnapi/wasi-threads': [ '1.2.1' ],
28 silly audit   '@exodus/bytes': [ '1.15.0' ],
28 silly audit   '@jridgewell/gen-mapping': [ '0.3.13' ],
28 silly audit   '@jridgewell/remapping': [ '2.3.5' ],
28 silly audit   '@jridgewell/resolve-uri': [ '3.1.2' ],
28 silly audit   '@jridgewell/sourcemap-codec': [ '1.5.5' ],
28 silly audit   '@jridgewell/trace-mapping': [ '0.3.31' ],
28 silly audit   '@napi-rs/wasm-runtime': [ '1.1.4' ],
28 silly audit   '@oxc-project/types': [ '0.130.0' ],
28 silly audit   '@rolldown/binding-android-arm64': [ '1.0.1' ],
28 silly audit   '@rolldown/binding-darwin-arm64': [ '1.0.1' ],
28 silly audit   '@rolldown/binding-darwin-x64': [ '1.0.1' ],
28 silly audit   '@rolldown/binding-freebsd-x64': [ '1.0.1' ],
28 silly audit   '@rolldown/binding-linux-arm-gnueabihf': [ '1.0.1' ],
28 silly audit   '@rolldown/binding-linux-arm64-gnu': [ '1.0.1' ],
28 silly audit   '@rolldown/binding-linux-arm64-musl': [ '1.0.1' ],
28 silly audit   '@rolldown/binding-linux-ppc64-gnu': [ '1.0.1' ],
28 silly audit   '@rolldown/binding-linux-s390x-gnu': [ '1.0.1' ],
28 silly audit   '@rolldown/binding-linux-x64-gnu': [ '1.0.1' ],
28 silly audit   '@rolldown/binding-linux-x64-musl': [ '1.0.1' ],
28 silly audit   '@rolldown/binding-openharmony-arm64': [ '1.0.1' ],
28 silly audit   '@rolldown/binding-wasm32-wasi': [ '1.0.1' ],
28 silly audit   '@rolldown/binding-win32-arm64-msvc': [ '1.0.1' ],
28 silly audit   '@rolldown/binding-win32-x64-msvc': [ '1.0.1' ],
28 silly audit   '@rolldown/pluginutils': [ '1.0.1' ],
28 silly audit   '@standard-schema/spec': [ '1.1.0' ],
28 silly audit   '@tailwindcss/node': [ '4.3.0' ],
28 silly audit   '@tailwindcss/oxide': [ '4.3.0' ],
28 silly audit   '@tailwindcss/oxide-android-arm64': [ '4.3.0' ],
28 silly audit   '@tailwindcss/oxide-darwin-arm64': [ '4.3.0' ],
28 silly audit   '@tailwindcss/oxide-darwin-x64': [ '4.3.0' ],
28 silly audit   '@tailwindcss/oxide-freebsd-x64': [ '4.3.0' ],
28 silly audit   '@tailwindcss/oxide-linux-arm-gnueabihf': [ '4.3.0' ],
28 silly audit   '@tailwindcss/oxide-linux-arm64-gnu': [ '4.3.0' ],
28 silly audit   '@tailwindcss/oxide-linux-arm64-musl': [ '4.3.0' ],
28 silly audit   '@tailwindcss/oxide-linux-x64-gnu': [ '4.3.0' ],
28 silly audit   '@tailwindcss/oxide-linux-x64-musl': [ '4.3.0' ],
28 silly audit   '@tailwindcss/oxide-win32-arm64-msvc': [ '4.3.0' ],
28 silly audit   '@tailwindcss/oxide-win32-x64-msvc': [ '4.3.0' ],
28 silly audit   '@tailwindcss/vite': [ '4.3.0' ],
28 silly audit   '@tanstack/query-core': [ '5.100.10' ],
28 silly audit   '@tanstack/react-query': [ '5.100.10' ],
28 silly audit   '@testing-library/dom': [ '10.4.1' ],
28 silly audit   '@testing-library/jest-dom': [ '6.9.1' ],
28 silly audit   'dom-accessibility-api': [ '0.6.3', '0.5.16' ],
28 silly audit   '@testing-library/react': [ '16.3.2' ],
28 silly audit   '@testing-library/user-event': [ '14.6.1' ],
28 silly audit   '@tybys/wasm-util': [ '0.10.2', '0.10.1' ],
28 silly audit   '@types/aria-query': [ '5.0.4' ],
28 silly audit   '@types/chai': [ '5.2.3' ],
28 silly audit   '@types/debug': [ '4.1.13' ],
28 silly audit   '@types/deep-eql': [ '4.0.2' ],
28 silly audit   '@types/estree': [ '1.0.9' ],
28 silly audit   '@types/estree-jsx': [ '1.0.5' ],
28 silly audit   '@types/hast': [ '3.0.4' ],
28 silly audit   '@types/mdast': [ '4.0.4' ],
28 silly audit   '@types/ms': [ '2.1.0' ],
28 silly audit   '@types/react': [ '19.2.14' ],
28 silly audit   '@types/react-dom': [ '19.2.3' ],
28 silly audit   '@types/unist': [ '3.0.3', '2.0.11' ],
28 silly audit   '@ungap/structured-clone': [ '1.3.1' ],
28 silly audit   '@vitejs/plugin-react': [ '6.0.2' ],
28 silly audit   '@vitest/expect': [ '4.1.6' ],
28 silly audit   '@vitest/mocker': [ '4.1.6' ],
28 silly audit   '@vitest/pretty-format': [ '4.1.6' ],
28 silly audit   '@vitest/runner': [ '4.1.6' ],
28 silly audit   '@vitest/snapshot': [ '4.1.6' ],
28 silly audit   '@vitest/spy': [ '4.1.6' ],
28 silly audit   '@vitest/utils': [ '4.1.6' ],
28 silly audit   '@xterm/addon-fit': [ '0.11.0' ],
28 silly audit   '@xterm/xterm': [ '6.0.0' ],
28 silly audit   'ansi-regex': [ '5.0.1' ],
28 silly audit   'ansi-styles': [ '5.2.0' ],
28 silly audit   'aria-query': [ '5.3.0' ],
28 silly audit   'assertion-error': [ '2.0.1' ],
28 silly audit   bail: [ '2.0.2' ],
28 silly audit   'bidi-js': [ '1.0.3' ],
28 silly audit   ccount: [ '2.0.1' ],
28 silly audit   chai: [ '6.2.2' ],
28 silly audit   'character-entities': [ '2.0.2' ],
28 silly audit   'character-entities-html4': [ '2.1.0' ],
28 silly audit   'character-entities-legacy': [ '3.0.0' ],
28 silly audit   'character-reference-invalid': [ '2.0.1' ],
28 silly audit   'comma-separated-tokens': [ '2.0.3' ],
28 silly audit   'convert-source-map': [ '2.0.0' ],
28 silly audit   cookie: [ '1.1.1' ],
28 silly audit   'css-tree': [ '3.2.1' ],
28 silly audit   'css.escape': [ '1.5.1' ],
28 silly audit   csstype: [ '3.2.3' ],
28 silly audit   'data-urls': [ '7.0.0' ],
28 silly audit   debug: [ '4.4.3' ],
28 silly audit   'decimal.js': [ '10.6.0' ],
28 silly audit   'decode-named-character-reference': [ '1.3.0' ],
28 silly audit   dequal: [ '2.0.3' ],
28 silly audit   'detect-libc': [ '2.1.2' ],
28 silly audit   devlop: [ '1.1.0' ],
28 silly audit   'enhanced-resolve': [ '5.21.3' ],
28 silly audit   entities: [ '8.0.0' ],
28 silly audit   'es-module-lexer': [ '2.1.0' ],
28 silly audit   'escape-string-regexp': [ '5.0.0' ],
28 silly audit   'estree-util-is-identifier-name': [ '3.0.0' ],
28 silly audit   'estree-walker': [ '3.0.3' ],
28 silly audit   'expect-type': [ '1.3.0' ],
28 silly audit   extend: [ '3.0.2' ],
28 silly audit   fdir: [ '6.5.0' ],
28 silly audit   fsevents: [ '2.3.3' ],
28 silly audit   'graceful-fs': [ '4.2.11' ],
28 silly audit   'hast-util-sanitize': [ '5.0.2' ],
28 silly audit   'hast-util-to-jsx-runtime': [ '2.3.6' ],
28 silly audit   'hast-util-whitespace': [ '3.0.0' ],
28 silly audit   'html-encoding-sniffer': [ '6.0.0' ],
28 silly audit   'html-url-attributes': [ '3.0.1' ],
28 silly audit   'indent-string': [ '4.0.0' ],
28 silly audit   'inline-style-parser': [ '0.2.7' ],
28 silly audit   'is-alphabetical': [ '2.0.1' ],
28 silly audit   'is-alphanumerical': [ '2.0.1' ],
28 silly audit   'is-decimal': [ '2.0.1' ],
28 silly audit   'is-hexadecimal': [ '2.0.1' ],
28 silly audit   'is-plain-obj': [ '4.1.0' ],
28 silly audit   'is-potential-custom-element-name': [ '1.0.1' ],
28 silly audit   jiti: [ '2.7.0' ],
28 silly audit   'js-tokens': [ '4.0.0' ],
28 silly audit   jsdom: [ '29.1.1' ],
28 silly audit   lightningcss: [ '1.32.0' ],
28 silly audit   'lightningcss-android-arm64': [ '1.32.0' ],
28 silly audit   'lightningcss-darwin-arm64': [ '1.32.0' ],
28 silly audit   'lightningcss-darwin-x64': [ '1.32.0' ],
28 silly audit   'lightningcss-freebsd-x64': [ '1.32.0' ],
28 silly audit   'lightningcss-linux-arm-gnueabihf': [ '1.32.0' ],
28 silly audit   'lightningcss-linux-arm64-gnu': [ '1.32.0' ],
28 silly audit   'lightningcss-linux-arm64-musl': [ '1.32.0' ],
28 silly audit   'lightningcss-linux-x64-gnu': [ '1.32.0' ],
28 silly audit   'lightningcss-linux-x64-musl': [ '1.32.0' ],
28 silly audit   'lightningcss-win32-arm64-msvc': [ '1.32.0' ],
28 silly audit   'lightningcss-win32-x64-msvc': [ '1.32.0' ],
28 silly audit   'longest-streak': [ '3.1.0' ],
28 silly audit   'lru-cache': [ '11.4.0' ],
28 silly audit   'lz-string': [ '1.5.0' ],
28 silly audit   'magic-string': [ '0.30.21' ],
28 silly audit   'markdown-table': [ '3.0.4' ],
28 silly audit   'mdast-util-find-and-replace': [ '3.0.2' ],
28 silly audit   'mdast-util-from-markdown': [ '2.0.3' ],
28 silly audit   'mdast-util-gfm': [ '3.1.0' ],
28 silly audit   'mdast-util-gfm-autolink-literal': [ '2.0.1' ],
28 silly audit   'mdast-util-gfm-footnote': [ '2.1.0' ],
28 silly audit   'mdast-util-gfm-strikethrough': [ '2.0.0' ],
28 silly audit   'mdast-util-gfm-table': [ '2.0.0' ],
28 silly audit   'mdast-util-gfm-task-list-item': [ '2.0.0' ],
28 silly audit   'mdast-util-mdx-expression': [ '2.0.1' ],
28 silly audit   'mdast-util-mdx-jsx': [ '3.2.0' ],
28 silly audit   'mdast-util-mdxjs-esm': [ '2.0.1' ],
28 silly audit   'mdast-util-phrasing': [ '4.1.0' ],
28 silly audit   'mdast-util-to-hast': [ '13.2.1' ],
28 silly audit   'mdast-util-to-markdown': [ '2.1.2' ],
28 silly audit   'mdast-util-to-string': [ '4.0.0' ],
28 silly audit   'mdn-data': [ '2.27.1' ],
28 silly audit   micromark: [ '4.0.2' ],
28 silly audit   'micromark-core-commonmark': [ '2.0.3' ],
28 silly audit   'micromark-extension-gfm': [ '3.0.0' ],
28 silly audit   'micromark-extension-gfm-autolink-literal': [ '2.1.0' ],
28 silly audit   'micromark-extension-gfm-footnote': [ '2.1.0' ],
28 silly audit   'micromark-extension-gfm-strikethrough': [ '2.1.0' ],
28 silly audit   'micromark-extension-gfm-table': [ '2.1.1' ],
28 silly audit   'micromark-extension-gfm-tagfilter': [ '2.0.0' ],
28 silly audit   'micromark-extension-gfm-task-list-item': [ '2.1.0' ],
28 silly audit   'micromark-factory-destination': [ '2.0.1' ],
28 silly audit   'micromark-factory-label': [ '2.0.1' ],
28 silly audit   'micromark-factory-space': [ '2.0.1' ],
28 silly audit   'micromark-factory-title': [ '2.0.1' ],
28 silly audit   'micromark-factory-whitespace': [ '2.0.1' ],
28 silly audit   'micromark-util-character': [ '2.1.1' ],
28 silly audit   'micromark-util-chunked': [ '2.0.1' ],
28 silly audit   'micromark-util-classify-character': [ '2.0.1' ],
28 silly audit   'micromark-util-combine-extensions': [ '2.0.1' ],
28 silly audit   'micromark-util-decode-numeric-character-reference': [ '2.0.2' ],
28 silly audit   'micromark-util-decode-string': [ '2.0.1' ],
28 silly audit   'micromark-util-encode': [ '2.0.1' ],
28 silly audit   'micromark-util-html-tag-name': [ '2.0.1' ],
28 silly audit   'micromark-util-normalize-identifier': [ '2.0.1' ],
28 silly audit   'micromark-util-resolve-all': [ '2.0.1' ],
28 silly audit   'micromark-util-sanitize-uri': [ '2.0.1' ],
28 silly audit   'micromark-util-subtokenize': [ '2.1.0' ],
28 silly audit   'micromark-util-symbol': [ '2.0.1' ],
28 silly audit   'micromark-util-types': [ '2.0.2' ],
28 silly audit   'min-indent': [ '1.0.1' ],
28 silly audit   ms: [ '2.1.3' ],
28 silly audit   nanoid: [ '3.3.12' ],
28 silly audit   obug: [ '2.1.1' ],
28 silly audit   'parse-entities': [ '4.0.2' ],
28 silly audit   parse5: [ '8.0.1' ],
28 silly audit   pathe: [ '2.0.3' ],
28 silly audit   picocolors: [ '1.1.1' ],
28 silly audit   picomatch: [ '4.0.4' ],
28 silly audit   postcss: [ '8.5.14' ],
28 silly audit   'pretty-format': [ '27.5.1' ],
28 silly audit   'property-information': [ '7.1.0' ],
28 silly audit   punycode: [ '2.3.1' ],
28 silly audit   react: [ '19.2.6' ],
28 silly audit   'react-dom': [ '19.2.6' ],
28 silly audit   'react-is': [ '17.0.2' ],
28 silly audit   'react-markdown': [ '10.1.0' ],
28 silly audit   'react-router': [ '7.15.1' ],
28 silly audit   'react-router-dom': [ '7.15.1' ],
28 silly audit   redent: [ '3.0.0' ],
28 silly audit   'rehype-sanitize': [ '6.0.0' ],
28 silly audit   'remark-gfm': [ '4.0.1' ],
28 silly audit   'remark-parse': [ '11.0.0' ],
28 silly audit   'remark-rehype': [ '11.1.2' ],
28 silly audit   'remark-stringify': [ '11.0.0' ],
28 silly audit   'require-from-string': [ '2.0.2' ],
28 silly audit   rolldown: [ '1.0.1' ],
28 silly audit   saxes: [ '6.0.0' ],
28 silly audit   scheduler: [ '0.27.0' ],
28 silly audit   'set-cookie-parser': [ '2.7.2' ],
28 silly audit   siginfo: [ '2.0.0' ],
28 silly audit   'source-map-js': [ '1.2.1' ],
28 silly audit   'space-separated-tokens': [ '2.0.2' ],
28 silly audit   stackback: [ '0.0.2' ],
28 silly audit   'std-env': [ '4.1.0' ],
28 silly audit   'stringify-entities': [ '4.0.4' ],
28 silly audit   'strip-indent': [ '3.0.0' ],
28 silly audit   'style-to-js': [ '1.1.21' ],
28 silly audit   'style-to-object': [ '1.0.14' ],
28 silly audit   'symbol-tree': [ '3.2.4' ],
28 silly audit   tailwindcss: [ '4.3.0' ],
28 silly audit   tapable: [ '2.3.3' ],
28 silly audit   tinybench: [ '2.9.0' ],
28 silly audit   tinyexec: [ '1.1.2' ],
28 silly audit   tinyglobby: [ '0.2.16' ],
28 silly audit   tinyrainbow: [ '3.1.0' ],
28 silly audit   tldts: [ '7.0.30' ],
28 silly audit   'tldts-core': [ '7.0.30' ],
28 silly audit   'tough-cookie': [ '6.0.1' ],
28 silly audit   tr46: [ '6.0.0' ],
28 silly audit   'trim-lines': [ '3.0.1' ],
28 silly audit   trough: [ '2.2.0' ],
28 silly audit   tslib: [ '2.8.1' ],
28 silly audit   typescript: [ '6.0.3' ],
28 silly audit   undici: [ '7.25.0' ],
28 silly audit   unified: [ '11.0.5' ],
28 silly audit   'unist-util-is': [ '6.0.1' ],
28 silly audit   'unist-util-position': [ '5.0.0' ],
28 silly audit   'unist-util-stringify-position': [ '4.0.0' ],
28 silly audit   'unist-util-visit': [ '5.1.0' ],
28 silly audit   'unist-util-visit-parents': [ '6.0.2' ],
28 silly audit   vfile: [ '6.0.3' ],
28 silly audit   'vfile-message': [ '4.0.3' ],
28 silly audit   vite: [ '8.0.13' ],
28 silly audit   vitest: [ '4.1.6' ],
28 silly audit   'w3c-xmlserializer': [ '5.0.0' ],
28 silly audit   'webidl-conversions': [ '8.0.1' ],
28 silly audit   'whatwg-mimetype': [ '5.0.0' ],
28 silly audit   'whatwg-url': [ '16.0.1' ],
28 silly audit   'why-is-node-running': [ '2.3.0' ],
28 silly audit   'xml-name-validator': [ '5.0.0' ],
28 silly audit   xmlchars: [ '2.2.0' ],
28 silly audit   xterm: [ '5.3.0' ],
28 silly audit   zwitch: [ '2.0.4' ],
28 silly audit   '@tailwindcss/oxide-wasm32-wasi': [ '4.3.0' ]
28 silly audit }
29 http fetch POST 404 https://registry.npmmirror.com/-/npm/v1/security/advisories/bulk 195ms
30 verbose audit error HttpErrorGeneral: 404 Not Found - POST https://registry.npmmirror.com/-/npm/v1/security/advisories/bulk - [NOT_IMPLEMENTED] /-/npm/v1/security/* not implemented yet
30 verbose audit error     at D:\nvm\v22.20.0\node_modules\npm\node_modules\npm-registry-fetch\lib\check-response.js:103:15
30 verbose audit error     at process.processTicksAndRejections (node:internal/process/task_queues:105:5)
30 verbose audit error     at async #getReport (D:\nvm\v22.20.0\node_modules\npm\node_modules\@npmcli\arborist\lib\audit-report.js:275:19)
30 verbose audit error     at async AuditReport.run (D:\nvm\v22.20.0\node_modules\npm\node_modules\@npmcli\arborist\lib\audit-report.js:100:19) {
30 verbose audit error   headers: [Object: null prototype] {
30 verbose audit error     server: [ 'Tengine' ],
30 verbose audit error     date: [ 'Mon, 25 May 2026 03:14:33 GMT' ],
30 verbose audit error     'content-type': [ 'application/json' ],
30 verbose audit error     'transfer-encoding': [ 'chunked' ],
30 verbose audit error     connection: [ 'keep-alive' ],
30 verbose audit error     'strict-transport-security': [ 'max-age=5184000' ],
30 verbose audit error     via: [ 'kunlun9.cn6489[,404666]' ],
30 verbose audit error     'timing-allow-origin': [ '*' ],
30 verbose audit error     eagleid: [ '3d30538e17796788736071098e' ],
30 verbose audit error     'x-fetch-attempts': [ '1' ]
30 verbose audit error   },
30 verbose audit error   statusCode: 404,
30 verbose audit error   code: 'E404',
30 verbose audit error   method: 'POST',
30 verbose audit error   uri: 'https://registry.npmmirror.com/-/npm/v1/security/advisories/bulk',
30 verbose audit error   body: {
30 verbose audit error     error: '[NOT_IMPLEMENTED] /-/npm/v1/security/* not implemented yet'
30 verbose audit error   },
30 verbose audit error   pkgid: undefined
30 verbose audit error }
31 silly audit error [object Object]
32 silly audit report null
33 verbose cwd D:\codexP\aaa
34 verbose os Windows_NT 10.0.22631
35 verbose node v22.20.0
36 verbose npm  v11.6.2
37 notice
37 notice New minor version of npm available! 11.6.2 -> 11.15.0
37 notice Changelog: https://github.com/npm/cli/releases/tag/v11.15.0
37 notice To update run: npm install -g npm@11.15.0
37 notice  { force: true, [Symbol(proc-log.meta)]: true }
38 verbose exit 0
39 info ok
